
> lp-builder@0.1.0 build
> next build

node.exe :  笞 Warning
: Next.js inferred you
r workspace root, but 
it may not be correct.
発生場所 C:\nvm4w\nodejs\n
pm.ps1:29 文字:3
+   & $NODE_EXE $NPM_C
LI_JS $args
+   ~~~~~~~~~~~~~~~~~~
~~~~~~~~~~~
    + CategoryInfo    
          : NotSpeci  
  fied: ( 笞 Warnin   
 g: Ne...not be co    
rrect.:String) []    ,
 RemoteException
    + FullyQualifiedE 
   rrorId : NativeCo  
  mmandError
 
 We detected multiple 
lockfiles and selected
 the directory of C:\U
sers\waraj\package-loc
k.json as the root dir
ectory.
 To silence this warni
ng, set `turbopack.roo
t` in your Next.js con
fig, or consider remov
ing one of the lockfil
es if it's not needed.
   See https://nextjs.
org/docs/app/api-refer
ence/config/next-confi
g-js/turbopack#root-di
rectory for more infor
mation.
 Detected additional l
ockfiles: 
   * C:\Users\waraj\On
eDrive\繝・せ繧ｯ繝医ャ繝予閾ｪ菴懊Ρ
繝ｼ繝峨・繝ｬ繧ｹ\package-lock
.json
   * C:\Users\waraj\On
eDrive\繝・せ繧ｯ繝医ャ繝予packa
ge-lock.json

   笆ｲ Next.js 16.0.10 (Turbopack)
   - Environments: .env

 笞 The "middleware" f
ile convention is depr
ecated. Please use "pr
oxy" instead. Learn mo
re: https://nextjs.org
/docs/messages/middlew
are-to-proxy
   Creating an optimized production build ...

thread 'tokio-runtime-
worker' (124044) panic
ked at turbopack\crate
s\turbopack-core\src\i
dent.rs:352:34:
byte index 13 is not a
 char boundary; it is 
inside '繧ｹ' (bytes 12.
.15) of `OneDrive_繝・せ繧
ｯ繝医ャ繝誉閾ｪ菴懊Ρ繝ｼ繝峨・繝ｬ繧ｹ_s
rc_components_admin_Ed
itor_tsx_7db82c59`
note: run with `RUST_B
ACKTRACE=1` environmen
t variable to display 
a backtrace

> Build error occurred
Error: Turbopack build
 failed with 10 errors
:
./OneDrive/繝・せ繧ｯ繝医ャ繝・閾
ｪ菴懊Ρ繝ｼ繝峨・繝ｬ繧ｹ/src/comp
onents/admin/Editor.ts
x:4:1
Module not found: Can'
t resolve '@dnd-kit/co
re'
[0m [90m 2 |[39m
 [90m 3 |[39m [36mi
mport[39m [33mReact
[39m[33m,[39m { useS
tate } [36mfrom[39m 
[32m'react'[39m[33m
;[39m
[31m[1m>[22m[39m[
90m 4 |[39m [36mimpo
rt[39m { [33mDndCont
ext[39m[33m,[39m cl
osestCenter[33m,[39m
 [33mKeyboardSensor[
39m[33m,[39m [33mPo
interSensor[39m[33m,
[39m useSensor[33m,
[39m useSensors[33m,
[39m [33mDragEndEvent
[39m } [36mfrom[39m
 [32m'@dnd-kit/core'
[39m[33m;[39m
 [90m   |[39m [31m
[1m^[22m[39m[31m[1
m^[22m[39m[31m[1m^
[22m[39m[31m[1m^[
22m[39m[31m[1m^[22
m[39m[31m[1m^[22m
[39m[31m[1m^[22m[3
9m[31m[1m^[22m[39m
[31m[1m^[22m[39m[
31m[1m^[22m[39m[31
m[1m^[22m[39m[31m
[1m^[22m[39m[31m[1
m^[22m[39m[31m[1m^
[22m[39m[31m[1m^[
22m[39m[31m[1m^[22
m[39m[31m[1m^[22m
[39m[31m[1m^[22m[3
9m[31m[1m^[22m[39m
[31m[1m^[22m[39m[
31m[1m^[22m[39m[31
m[1m^[22m[39m[31m
[1m^[22m[39m[31m[1
m^[22m[39m[31m[1m^
[22m[39m[31m[1m^[
22m[39m[31m[1m^[22
m[39m[31m[1m^[22m
[39m[31m[1m^[22m[3
9m[31m[1m^[22m[39m
[31m[1m^[22m[39m[
31m[1m^[22m[39m[31
m[1m^[22m[39m[31m
[1m^[22m[39m[31m[1
m^[22m[39m[31m[1m^
[22m[39m[31m[1m^[
22m[39m[31m[1m^[22
m[39m[31m[1m^[22m
[39m[31m[1m^[22m[3
9m[31m[1m^[22m[39m
[31m[1m^[22m[39m[
31m[1m^[22m[39m[31
m[1m^[22m[39m[31m
[1m^[22m[39m[31m[1
m^[22m[39m[31m[1m^
[22m[39m[31m[1m^[
22m[39m[31m[1m^[22
m[39m[31m[1m^[22m
[39m[31m[1m^[22m[3
9m[31m[1m^[22m[39m
[31m[1m^[22m[39m[
31m[1m^[22m[39m[31
m[1m^[22m[39m[31m
[1m^[22m[39m[31m[1
m^[22m[39m[31m[1m^
[22m[39m[31m[1m^[
22m[39m[31m[1m^[22
m[39m[31m[1m^[22m
[39m[31m[1m^[22m[3
9m[31m[1m^[22m[39m
[31m[1m^[22m[39m[
31m[1m^[22m[39m[31
m[1m^[22m[39m[31m
[1m^[22m[39m[31m[1
m^[22m[39m[31m[1m^
[22m[39m[31m[1m^[
22m[39m[31m[1m^[22
m[39m[31m[1m^[22m
[39m[31m[1m^[22m[3
9m[31m[1m^[22m[39m
[31m[1m^[22m[39m[
31m[1m^[22m[39m[31
m[1m^[22m[39m[31m
[1m^[22m[39m[31m[1
m^[22m[39m[31m[1m^
[22m[39m[31m[1m^[
22m[39m[31m[1m^[22
m[39m[31m[1m^[22m
[39m[31m[1m^[22m[3
9m[31m[1m^[22m[39m
[31m[1m^[22m[39m[
31m[1m^[22m[39m[31
m[1m^[22m[39m[31m
[1m^[22m[39m[31m[1
m^[22m[39m[31m[1m^
[22m[39m[31m[1m^[
22m[39m[31m[1m^[22
m[39m[31m[1m^[22m
[39m[31m[1m^[22m[3
9m[31m[1m^[22m[39m
[31m[1m^[22m[39m[
31m[1m^[22m[39m[31
m[1m^[22m[39m[31m
[1m^[22m[39m[31m[1
m^[22m[39m[31m[1m^
[22m[39m[31m[1m^[
22m[39m[31m[1m^[22
m[39m[31m[1m^[22m
[39m[31m[1m^[22m[3
9m[31m[1m^[22m[39m
[31m[1m^[22m[39m[
31m[1m^[22m[39m[31
m[1m^[22m[39m[31m
[1m^[22m[39m[31m[1
m^[22m[39m[31m[1m^
[22m[39m[31m[1m^[
22m[39m[31m[1m^[22
m[39m[31m[1m^[22m
[39m[31m[1m^[22m[3
9m[31m[1m^[22m[39m
[31m[1m^[22m[39m[
31m[1m^[22m[39m[31
m[1m^[22m[39m[31m
[1m^[22m[39m[31m[1
m^[22m[39m[31m[1m^
[22m[39m[31m[1m^[
22m[39m[31m[1m^[22
m[39m
 [90m 5 |[39m [36mi
mport[39m { arrayMove
[33m,[39m [33mSorta
bleContext[39m[33m,
[39m sortableKeyboardC
oordinates[33m,[39m 
verticalListSortingStr
ategy } [36mfrom[39m
 [32m'@dnd-kit/sortab
le'[39m[33m;[39m
 [90m 6 |[39m [36mi
mport[39m { [33mSort
ableItem[39m } [36mf
rom[39m [32m'@/compo
nents/admin/SortableIt
em'[39m[33m;[39m
 [90m 7 |[39m [36mi
mport[39m { [33mUplo
ad[39m[33m,[39m [3
3mSave[39m[33m,[39m
 [33mEye[39m } [36m
from[39m [32m'lucide
-react'[39m[33m;[39
m[0m



Import trace:
  Server Component:
    ./OneDrive/繝・せ繧ｯ繝医
ャ繝・閾ｪ菴懊Ρ繝ｼ繝峨・繝ｬ繧ｹ/src/
components/admin/Edito
r.tsx
    ./OneDrive/繝・せ繧ｯ繝医
ャ繝・閾ｪ菴懊Ρ繝ｼ繝峨・繝ｬ繧ｹ/src/
app/admin/pages/[id]/p
age.tsx

https://nextjs.org/doc
s/messages/module-not-
found


./OneDrive/繝・せ繧ｯ繝医ャ繝・閾
ｪ菴懊Ρ繝ｼ繝峨・繝ｬ繧ｹ/src/comp
onents/admin/Editor.ts
x:5:1
Module not found: Can'
t resolve '@dnd-kit/so
rtable'
[0m [90m 3 |[39m [
36mimport[39m [33mRe
act[39m[33m,[39m { 
useState } [36mfrom[
39m [32m'react'[39m
[33m;[39m
 [90m 4 |[39m [36mi
mport[39m { [33mDndC
ontext[39m[33m,[39m
 closestCenter[33m,[
39m [33mKeyboardSenso
r[39m[33m,[39m [33
mPointerSensor[39m[3
3m,[39m useSensor[33
m,[39m useSensors[33
m,[39m [33mDragEndEv
ent[39m } [36mfrom[
39m [32m'@dnd-kit/cor
e'[39m[33m;[39m
[31m[1m>[22m[39m[
90m 5 |[39m [36mimpo
rt[39m { arrayMove[3
3m,[39m [33mSortable
Context[39m[33m,[39
m sortableKeyboardCoor
dinates[33m,[39m ver
ticalListSortingStrate
gy } [36mfrom[39m [
32m'@dnd-kit/sortable'
[39m[33m;[39m
 [90m   |[39m [31m
[1m^[22m[39m[31m[1
m^[22m[39m[31m[1m^
[22m[39m[31m[1m^[
22m[39m[31m[1m^[22
m[39m[31m[1m^[22m
[39m[31m[1m^[22m[3
9m[31m[1m^[22m[39m
[31m[1m^[22m[39m[
31m[1m^[22m[39m[31
m[1m^[22m[39m[31m
[1m^[22m[39m[31m[1
m^[22m[39m[31m[1m^
[22m[39m[31m[1m^[
22m[39m[31m[1m^[22
m[39m[31m[1m^[22m
[39m[31m[1m^[22m[3
9m[31m[1m^[22m[39m
[31m[1m^[22m[39m[
31m[1m^[22m[39m[31
m[1m^[22m[39m[31m
[1m^[22m[39m[31m[1
m^[22m[39m[31m[1m^
[22m[39m[31m[1m^[
22m[39m[31m[1m^[22
m[39m[31m[1m^[22m
[39m[31m[1m^[22m[3
9m[31m[1m^[22m[39m
[31m[1m^[22m[39m[
31m[1m^[22m[39m[31
m[1m^[22m[39m[31m
[1m^[22m[39m[31m[1
m^[22m[39m[31m[1m^
[22m[39m[31m[1m^[
22m[39m[31m[1m^[22
m[39m[31m[1m^[22m
[39m[31m[1m^[22m[3
9m[31m[1m^[22m[39m
[31m[1m^[22m[39m[
31m[1m^[22m[39m[31
m[1m^[22m[39m[31m
[1m^[22m[39m[31m[1
m^[22m[39m[31m[1m^
[22m[39m[31m[1m^[
22m[39m[31m[1m^[22
m[39m[31m[1m^[22m
[39m[31m[1m^[22m[3
9m[31m[1m^[22m[39m
[31m[1m^[22m[39m[
31m[1m^[22m[39m[31
m[1m^[22m[39m[31m
[1m^[22m[39m[31m[1
m^[22m[39m[31m[1m^
[22m[39m[31m[1m^[
22m[39m[31m[1m^[22
m[39m[31m[1m^[22m
[39m[31m[1m^[22m[3
9m[31m[1m^[22m[39m
[31m[1m^[22m[39m[
31m[1m^[22m[39m[31
m[1m^[22m[39m[31m
[1m^[22m[39m[31m[1
m^[22m[39m[31m[1m^
[22m[39m[31m[1m^[
22m[39m[31m[1m^[22
m[39m[31m[1m^[22m
[39m[31m[1m^[22m[3
9m[31m[1m^[22m[39m
[31m[1m^[22m[39m[
31m[1m^[22m[39m[31
m[1m^[22m[39m[31m
[1m^[22m[39m[31m[1
m^[22m[39m[31m[1m^
[22m[39m[31m[1m^[
22m[39m[31m[1m^[22
m[39m[31m[1m^[22m
[39m[31m[1m^[22m[3
9m[31m[1m^[22m[39m
[31m[1m^[22m[39m[
31m[1m^[22m[39m[31
m[1m^[22m[39m[31m
[1m^[22m[39m[31m[1
m^[22m[39m[31m[1m^
[22m[39m[31m[1m^[
22m[39m[31m[1m^[22
m[39m[31m[1m^[22m
[39m[31m[1m^[22m[3
9m[31m[1m^[22m[39m
[31m[1m^[22m[39m[
31m[1m^[22m[39m[31
m[1m^[22m[39m[31m
[1m^[22m[39m[31m[1
m^[22m[39m[31m[1m^
[22m[39m[31m[1m^[
22m[39m[31m[1m^[22
m[39m[31m[1m^[22m
[39m[31m[1m^[22m[3
9m[31m[1m^[22m[39m
[31m[1m^[22m[39m[
31m[1m^[22m[39m[31
m[1m^[22m[39m[31m
[1m^[22m[39m[31m[1
m^[22m[39m[31m[1m^
[22m[39m[31m[1m^[
22m[39m[31m[1m^[22
m[39m[31m[1m^[22m
[39m[31m[1m^[22m[3
9m[31m[1m^[22m[39m
[31m[1m^[22m[39m[
31m[1m^[22m[39m[31
m[1m^[22m[39m
 [90m 6 |[39m [36mi
mport[39m { [33mSort
ableItem[39m } [36mf
rom[39m [32m'@/compo
nents/admin/SortableIt
em'[39m[33m;[39m
 [90m 7 |[39m [36mi
mport[39m { [33mUplo
ad[39m[33m,[39m [3
3mSave[39m[33m,[39m
 [33mEye[39m } [36m
from[39m [32m'lucide
-react'[39m[33m;[39
m
 [90m 8 |[39m [36mi
mport[39m [33mLink[
39m [36mfrom[39m [3
2m'next/link'[39m[33
m;[39m[0m



Import trace:
  Server Component:
    ./OneDrive/繝・せ繧ｯ繝医
ャ繝・閾ｪ菴懊Ρ繝ｼ繝峨・繝ｬ繧ｹ/src/
components/admin/Edito
r.tsx
    ./OneDrive/繝・せ繧ｯ繝医
ャ繝・閾ｪ菴懊Ρ繝ｼ繝峨・繝ｬ繧ｹ/src/
app/admin/pages/[id]/p
age.tsx

https://nextjs.org/doc
s/messages/module-not-
found


./OneDrive/繝・せ繧ｯ繝医ャ繝・閾
ｪ菴懊Ρ繝ｼ繝峨・繝ｬ繧ｹ/src/comp
onents/admin/SortableI
tem.tsx:4:1
Module not found: Can'
t resolve '@dnd-kit/so
rtable'
[0m [90m 2 |[39m
 [90m 3 |[39m [36mi
mport[39m [33mReact
[39m [36mfrom[39m [
32m'react'[39m[33m;
[39m
[31m[1m>[22m[39m[
90m 4 |[39m [36mimpo
rt[39m { useSortable 
} [36mfrom[39m [32m
'@dnd-kit/sortable'[3
9m[33m;[39m
 [90m   |[39m [31m
[1m^[22m[39m[31m[1
m^[22m[39m[31m[1m^
[22m[39m[31m[1m^[
22m[39m[31m[1m^[22
m[39m[31m[1m^[22m
[39m[31m[1m^[22m[3
9m[31m[1m^[22m[39m
[31m[1m^[22m[39m[
31m[1m^[22m[39m[31
m[1m^[22m[39m[31m
[1m^[22m[39m[31m[1
m^[22m[39m[31m[1m^
[22m[39m[31m[1m^[
22m[39m[31m[1m^[22
m[39m[31m[1m^[22m
[39m[31m[1m^[22m[3
9m[31m[1m^[22m[39m
[31m[1m^[22m[39m[
31m[1m^[22m[39m[31
m[1m^[22m[39m[31m
[1m^[22m[39m[31m[1
m^[22m[39m[31m[1m^
[22m[39m[31m[1m^[
22m[39m[31m[1m^[22
m[39m[31m[1m^[22m
[39m[31m[1m^[22m[3
9m[31m[1m^[22m[39m
[31m[1m^[22m[39m[
31m[1m^[22m[39m[31
m[1m^[22m[39m[31m
[1m^[22m[39m[31m[1
m^[22m[39m[31m[1m^
[22m[39m[31m[1m^[
22m[39m[31m[1m^[22
m[39m[31m[1m^[22m
[39m[31m[1m^[22m[3
9m[31m[1m^[22m[39m
[31m[1m^[22m[39m[
31m[1m^[22m[39m[31
m[1m^[22m[39m[31m
[1m^[22m[39m[31m[1
m^[22m[39m[31m[1m^
[22m[39m[31m[1m^[
22m[39m
 [90m 5 |[39m [36mi
mport[39m { [33mCSS
[39m } [36mfrom[39m 
[32m'@dnd-kit/utiliti
es'[39m[33m;[39m
 [90m 6 |[39m [36mi
mport[39m { [33mGrip
Vertical[39m[33m,[3
9m [33mTrash2[39m[3
3m,[39m [33mX[39m }
 [36mfrom[39m [32m'
lucide-react'[39m[33
m;[39m
 [90m 7 |[39m [36mi
mport[39m [33mImage
[39m [36mfrom[39m [
32m'next/image'[39m[
33m;[39m[0m



Import traces:
  Client Component Bro
wser:
    ./OneDrive/繝・せ繧ｯ繝医
ャ繝・閾ｪ菴懊Ρ繝ｼ繝峨・繝ｬ繧ｹ/src/
components/admin/Sorta
bleItem.tsx [Client Co
mponent Browser]
    ./OneDrive/繝・せ繧ｯ繝医
ャ繝・閾ｪ菴懊Ρ繝ｼ繝峨・繝ｬ繧ｹ/src/
components/admin/Edito
r.tsx [Client Componen
t Browser]
    ./OneDrive/繝・せ繧ｯ繝医
ャ繝・閾ｪ菴懊Ρ繝ｼ繝峨・繝ｬ繧ｹ/src/
components/admin/Edito
r.tsx [Server Componen
t]
    ./OneDrive/繝・せ繧ｯ繝医
ャ繝・閾ｪ菴懊Ρ繝ｼ繝峨・繝ｬ繧ｹ/src/
app/admin/pages/[id]/p
age.tsx [Server Compon
ent]

  Client Component SSR
:
    ./OneDrive/繝・せ繧ｯ繝医
ャ繝・閾ｪ菴懊Ρ繝ｼ繝峨・繝ｬ繧ｹ/src/
components/admin/Sorta
bleItem.tsx [Client Co
mponent SSR]
    ./OneDrive/繝・せ繧ｯ繝医
ャ繝・閾ｪ菴懊Ρ繝ｼ繝峨・繝ｬ繧ｹ/src/
components/admin/Edito
r.tsx [Client Componen
t SSR]
    ./OneDrive/繝・せ繧ｯ繝医
ャ繝・閾ｪ菴懊Ρ繝ｼ繝峨・繝ｬ繧ｹ/src/
components/admin/Edito
r.tsx [Server Componen
t]
    ./OneDrive/繝・せ繧ｯ繝医
ャ繝・閾ｪ菴懊Ρ繝ｼ繝峨・繝ｬ繧ｹ/src/
app/admin/pages/[id]/p
age.tsx [Server Compon
ent]

https://nextjs.org/doc
s/messages/module-not-
found


./OneDrive/繝・せ繧ｯ繝医ャ繝・閾
ｪ菴懊Ρ繝ｼ繝峨・繝ｬ繧ｹ/src/comp
onents/admin/SortableI
tem.tsx:5:1
Module not found: Can'
t resolve '@dnd-kit/ut
ilities'
[0m [90m 3 |[39m [
36mimport[39m [33mRe
act[39m [36mfrom[39
m [32m'react'[39m[3
3m;[39m
 [90m 4 |[39m [36mi
mport[39m { useSortab
le } [36mfrom[39m [
32m'@dnd-kit/sortable'
[39m[33m;[39m
[31m[1m>[22m[39m[
90m 5 |[39m [36mimpo
rt[39m { [33mCSS[39
m } [36mfrom[39m [3
2m'@dnd-kit/utilities'
[39m[33m;[39m
 [90m   |[39m [31m
[1m^[22m[39m[31m[1
m^[22m[39m[31m[1m^
[22m[39m[31m[1m^[
22m[39m[31m[1m^[22
m[39m[31m[1m^[22m
[39m[31m[1m^[22m[3
9m[31m[1m^[22m[39m
[31m[1m^[22m[39m[
31m[1m^[22m[39m[31
m[1m^[22m[39m[31m
[1m^[22m[39m[31m[1
m^[22m[39m[31m[1m^
[22m[39m[31m[1m^[
22m[39m[31m[1m^[22
m[39m[31m[1m^[22m
[39m[31m[1m^[22m[3
9m[31m[1m^[22m[39m
[31m[1m^[22m[39m[
31m[1m^[22m[39m[31
m[1m^[22m[39m[31m
[1m^[22m[39m[31m[1
m^[22m[39m[31m[1m^
[22m[39m[31m[1m^[
22m[39m[31m[1m^[22
m[39m[31m[1m^[22m
[39m[31m[1m^[22m[3
9m[31m[1m^[22m[39m
[31m[1m^[22m[39m[
31m[1m^[22m[39m[31
m[1m^[22m[39m[31m
[1m^[22m[39m[31m[1
m^[22m[39m[31m[1m^
[22m[39m[31m[1m^[
22m[39m[31m[1m^[22
m[39m[31m[1m^[22m
[39m[31m[1m^[22m[3
9m[31m[1m^[22m[39m
 [90m 6 |[39m [36mi
mport[39m { [33mGrip
Vertical[39m[33m,[3
9m [33mTrash2[39m[3
3m,[39m [33mX[39m }
 [36mfrom[39m [32m'
lucide-react'[39m[33
m;[39m
 [90m 7 |[39m [36mi
mport[39m [33mImage
[39m [36mfrom[39m [
32m'next/image'[39m[
33m;[39m
 [90m 8 |[39m[0m



Import traces:
  Client Component Bro
wser:
    ./OneDrive/繝・せ繧ｯ繝医
ャ繝・閾ｪ菴懊Ρ繝ｼ繝峨・繝ｬ繧ｹ/src/
components/admin/Sorta
bleItem.tsx [Client Co
mponent Browser]
    ./OneDrive/繝・せ繧ｯ繝医
ャ繝・閾ｪ菴懊Ρ繝ｼ繝峨・繝ｬ繧ｹ/src/
components/admin/Edito
r.tsx [Client Componen
t Browser]
    ./OneDrive/繝・せ繧ｯ繝医
ャ繝・閾ｪ菴懊Ρ繝ｼ繝峨・繝ｬ繧ｹ/src/
components/admin/Edito
r.tsx [Server Componen
t]
    ./OneDrive/繝・せ繧ｯ繝医
ャ繝・閾ｪ菴懊Ρ繝ｼ繝峨・繝ｬ繧ｹ/src/
app/admin/pages/[id]/p
age.tsx [Server Compon
ent]

  Client Component SSR
:
    ./OneDrive/繝・せ繧ｯ繝医
ャ繝・閾ｪ菴懊Ρ繝ｼ繝峨・繝ｬ繧ｹ/src/
components/admin/Sorta
bleItem.tsx [Client Co
mponent SSR]
    ./OneDrive/繝・せ繧ｯ繝医
ャ繝・閾ｪ菴懊Ρ繝ｼ繝峨・繝ｬ繧ｹ/src/
components/admin/Edito
r.tsx [Client Componen
t SSR]
    ./OneDrive/繝・せ繧ｯ繝医
ャ繝・閾ｪ菴懊Ρ繝ｼ繝峨・繝ｬ繧ｹ/src/
components/admin/Edito
r.tsx [Server Componen
t]
    ./OneDrive/繝・せ繧ｯ繝医
ャ繝・閾ｪ菴懊Ρ繝ｼ繝峨・繝ｬ繧ｹ/src/
app/admin/pages/[id]/p
age.tsx [Server Compon
ent]

https://nextjs.org/doc
s/messages/module-not-
found


./OneDrive/繝・せ繧ｯ繝医ャ繝・閾
ｪ菴懊Ρ繝ｼ繝峨・繝ｬ繧ｹ/src/comp
onents/admin/Sidebar.t
sx:6:1
Module not found: Can'
t resolve 'clsx'
[0m [90m 4 |[39m [
36mimport[39m { usePa
thname } [36mfrom[39
m [32m'next/navigatio
n'[39m[33m;[39m
 [90m 5 |[39m [36mi
mport[39m { [33mLayo
utDashboard[39m[33m,
[39m [33mImages[39m
[33m,[39m [33mSetti
ngs[39m[33m,[39m [
33mLogOut[39m[33m,[
39m [33mFileText[39m
 } [36mfrom[39m [32
m'lucide-react'[39m[
33m;[39m
[31m[1m>[22m[39m[
90m 6 |[39m [36mimpo
rt[39m clsx [36mfrom
[39m [32m'clsx'[39m
[33m;[39m
 [90m   |[39m [31m
[1m^[22m[39m[31m[1
m^[22m[39m[31m[1m^
[22m[39m[31m[1m^[
22m[39m[31m[1m^[22
m[39m[31m[1m^[22m
[39m[31m[1m^[22m[3
9m[31m[1m^[22m[39m
[31m[1m^[22m[39m[
31m[1m^[22m[39m[31
m[1m^[22m[39m[31m
[1m^[22m[39m[31m[1
m^[22m[39m[31m[1m^
[22m[39m[31m[1m^[
22m[39m[31m[1m^[22
m[39m[31m[1m^[22m
[39m[31m[1m^[22m[3
9m[31m[1m^[22m[39m
[31m[1m^[22m[39m[
31m[1m^[22m[39m[31
m[1m^[22m[39m[31m
[1m^[22m[39m[31m[1
m^[22m[39m
 [90m 7 |[39m [36mi
mport[39m { logout } 
[36mfrom[39m [32m'@
/lib/auth'[39m[33m;
[39m
 [90m 8 |[39m
 [90m 9 |[39m [36mc
onst[39m navItems [3
3m=[39m [[0m



Import trace:
  Server Component:
    ./OneDrive/繝・せ繧ｯ繝医
ャ繝・閾ｪ菴懊Ρ繝ｼ繝峨・繝ｬ繧ｹ/src/
components/admin/Sideb
ar.tsx
    ./OneDrive/繝・せ繧ｯ繝医
ャ繝・閾ｪ菴懊Ρ繝ｼ繝峨・繝ｬ繧ｹ/src/
app/admin/layout.tsx

https://nextjs.org/doc
s/messages/module-not-
found


./OneDrive/繝・せ繧ｯ繝医ャ繝・閾
ｪ菴懊Ρ繝ｼ繝峨・繝ｬ繧ｹ/src/lib/
auth.ts:1:1
Module not found: Can'
t resolve 'jose'
[0m[31m[1m>[22m[3
9m[90m 1 |[39m [36m
import[39m { [33mSig
nJWT[39m[33m,[39m j
wtVerify } [36mfrom[
39m [32m'jose'[39m[
33m;[39m
 [90m   |[39m [31m
[1m^[22m[39m[31m[1
m^[22m[39m[31m[1m^
[22m[39m[31m[1m^[
22m[39m[31m[1m^[22
m[39m[31m[1m^[22m
[39m[31m[1m^[22m[3
9m[31m[1m^[22m[39m
[31m[1m^[22m[39m[
31m[1m^[22m[39m[31
m[1m^[22m[39m[31m
[1m^[22m[39m[31m[1
m^[22m[39m[31m[1m^
[22m[39m[31m[1m^[
22m[39m[31m[1m^[22
m[39m[31m[1m^[22m
[39m[31m[1m^[22m[3
9m[31m[1m^[22m[39m
[31m[1m^[22m[39m[
31m[1m^[22m[39m[31
m[1m^[22m[39m[31m
[1m^[22m[39m[31m[1
m^[22m[39m[31m[1m^
[22m[39m[31m[1m^[
22m[39m[31m[1m^[22
m[39m[31m[1m^[22m
[39m[31m[1m^[22m[3
9m[31m[1m^[22m[39m
[31m[1m^[22m[39m[
31m[1m^[22m[39m[31
m[1m^[22m[39m[31m
[1m^[22m[39m[31m[1
m^[22m[39m[31m[1m^
[22m[39m[31m[1m^[
22m[39m[31m[1m^[22
m[39m[31m[1m^[22m
[39m[31m[1m^[22m[3
9m[31m[1m^[22m[39m
[31m[1m^[22m[39m
 [90m 2 |[39m [36mi
mport[39m { cookies }
 [36mfrom[39m [32m'
next/headers'[39m[33
m;[39m
 [90m 3 |[39m [36mi
mport[39m { [33mNext
Request[39m[33m,[39
m [33mNextResponse[3
9m } [36mfrom[39m [
32m'next/server'[39m
[33m;[39m
 [90m 4 |[39m[0m



Import traces:
  App Route:
    ./OneDrive/繝・せ繧ｯ繝医
ャ繝・閾ｪ菴懊Ρ繝ｼ繝峨・繝ｬ繧ｹ/src/
lib/auth.ts
    ./OneDrive/繝・せ繧ｯ繝医
ャ繝・閾ｪ菴懊Ρ繝ｼ繝峨・繝ｬ繧ｹ/src/
app/api/auth/login/rou
te.ts

  Edge Middleware:
    ./OneDrive/繝・せ繧ｯ繝医
ャ繝・閾ｪ菴懊Ρ繝ｼ繝峨・繝ｬ繧ｹ/src/
lib/auth.ts
    ./OneDrive/繝・せ繧ｯ繝医
ャ繝・閾ｪ菴懊Ρ繝ｼ繝峨・繝ｬ繧ｹ/src/
middleware.ts

https://nextjs.org/doc
s/messages/module-not-
found


./OneDrive/繝・せ繧ｯ繝医ャ繝・閾
ｪ菴懊Ρ繝ｼ繝峨・繝ｬ繧ｹ/src/app/
admin/pages/page.tsx:2
:1
Module not found: Can'
t resolve 'lucide-reac
t'
[0m [90m 1 |[39m [
36mimport[39m [33mLi
nk[39m [36mfrom[39m
 [32m'next/link'[39m
[33m;[39m
[31m[1m>[22m[39m[
90m 2 |[39m [36mimpo
rt[39m { [33mPlus[3
9m[33m,[39m [33mEdi
t[39m[33m,[39m [33
mTrash[39m[33m,[39m
 [33mCopy[39m } [36
mfrom[39m [32m'lucid
e-react'[39m[33m;[3
9m
 [90m   |[39m [31m
[1m^[22m[39m[31m[1
m^[22m[39m[31m[1m^
[22m[39m[31m[1m^[
22m[39m[31m[1m^[22
m[39m[31m[1m^[22m
[39m[31m[1m^[22m[3
9m[31m[1m^[22m[39m
[31m[1m^[22m[39m[
31m[1m^[22m[39m[31
m[1m^[22m[39m[31m
[1m^[22m[39m[31m[1
m^[22m[39m[31m[1m^
[22m[39m[31m[1m^[
22m[39m[31m[1m^[22
m[39m[31m[1m^[22m
[39m[31m[1m^[22m[3
9m[31m[1m^[22m[39m
[31m[1m^[22m[39m[
31m[1m^[22m[39m[31
m[1m^[22m[39m[31m
[1m^[22m[39m[31m[1
m^[22m[39m[31m[1m^
[22m[39m[31m[1m^[
22m[39m[31m[1m^[22
m[39m[31m[1m^[22m
[39m[31m[1m^[22m[3
9m[31m[1m^[22m[39m
[31m[1m^[22m[39m[
31m[1m^[22m[39m[31
m[1m^[22m[39m[31m
[1m^[22m[39m[31m[1
m^[22m[39m[31m[1m^
[22m[39m[31m[1m^[
22m[39m[31m[1m^[22
m[39m[31m[1m^[22m
[39m[31m[1m^[22m[3
9m[31m[1m^[22m[39m
[31m[1m^[22m[39m[
31m[1m^[22m[39m[31
m[1m^[22m[39m[31m
[1m^[22m[39m[31m[1
m^[22m[39m[31m[1m^
[22m[39m[31m[1m^[
22m[39m[31m[1m^[22
m[39m[31m[1m^[22m
[39m[31m[1m^[22m[3
9m[31m[1m^[22m[39m
[31m[1m^[22m[39m[
31m[1m^[22m[39m[31
m[1m^[22m[39m
 [90m 3 |[39m [36mi
mport[39m { prisma } 
[36mfrom[39m [32m'@
/lib/db'[39m[33m;[3
9m
 [90m 4 |[39m
 [90m 5 |[39m [90m/
/ Mock data for MVP if
 DB fails[39m[0m



https://nextjs.org/doc
s/messages/module-not-
found


./OneDrive/繝・せ繧ｯ繝医ャ繝・閾
ｪ菴懊Ρ繝ｼ繝峨・繝ｬ繧ｹ/src/comp
onents/admin/Editor.ts
x:7:1
Module not found: Can'
t resolve 'lucide-reac
t'
[0m [90m  5 |[39m 
[36mimport[39m { arra
yMove[33m,[39m [33m
SortableContext[39m[
33m,[39m sortableKeyb
oardCoordinates[33m,
[39m verticalListSorti
ngStrategy } [36mfrom
[39m [32m'@dnd-kit/s
ortable'[39m[33m;[3
9m
 [90m  6 |[39m [36m
import[39m { [33mSor
tableItem[39m } [36m
from[39m [32m'@/comp
onents/admin/SortableI
tem'[39m[33m;[39m
[31m[1m>[22m[39m[
90m  7 |[39m [36mimp
ort[39m { [33mUpload
[39m[33m,[39m [33m
Save[39m[33m,[39m 
[33mEye[39m } [36mfr
om[39m [32m'lucide-r
eact'[39m[33m;[39m
 [90m    |[39m [31m
[1m^[22m[39m[31m[
1m^[22m[39m[31m[1m
^[22m[39m[31m[1m^
[22m[39m[31m[1m^[2
2m[39m[31m[1m^[22m
[39m[31m[1m^[22m[
39m[31m[1m^[22m[39
m[31m[1m^[22m[39m
[31m[1m^[22m[39m[3
1m[1m^[22m[39m[31m
[1m^[22m[39m[31m[
1m^[22m[39m[31m[1m
^[22m[39m[31m[1m^
[22m[39m[31m[1m^[2
2m[39m[31m[1m^[22m
[39m[31m[1m^[22m[
39m[31m[1m^[22m[39
m[31m[1m^[22m[39m
[31m[1m^[22m[39m[3
1m[1m^[22m[39m[31m
[1m^[22m[39m[31m[
1m^[22m[39m[31m[1m
^[22m[39m[31m[1m^
[22m[39m[31m[1m^[2
2m[39m[31m[1m^[22m
[39m[31m[1m^[22m[
39m[31m[1m^[22m[39
m[31m[1m^[22m[39m
[31m[1m^[22m[39m[3
1m[1m^[22m[39m[31m
[1m^[22m[39m[31m[
1m^[22m[39m[31m[1m
^[22m[39m[31m[1m^
[22m[39m[31m[1m^[2
2m[39m[31m[1m^[22m
[39m[31m[1m^[22m[
39m[31m[1m^[22m[39
m[31m[1m^[22m[39m
[31m[1m^[22m[39m[3
1m[1m^[22m[39m[31m
[1m^[22m[39m[31m[
1m^[22m[39m[31m[1m
^[22m[39m[31m[1m^
[22m[39m[31m[1m^[2
2m[39m
 [90m  8 |[39m [36m
import[39m [33mLink
[39m [36mfrom[39m [
32m'next/link'[39m[3
3m;[39m
 [90m  9 |[39m [36m
import[39m { useRoute
r } [36mfrom[39m [3
2m'next/navigation'[3
9m[33m;[39m
 [90m 10 |[39m[0m



Import trace:
  Server Component:
    ./OneDrive/繝・せ繧ｯ繝医
ャ繝・閾ｪ菴懊Ρ繝ｼ繝峨・繝ｬ繧ｹ/src/
components/admin/Edito
r.tsx
    ./OneDrive/繝・せ繧ｯ繝医
ャ繝・閾ｪ菴懊Ρ繝ｼ繝峨・繝ｬ繧ｹ/src/
app/admin/pages/[id]/p
age.tsx

https://nextjs.org/doc
s/messages/module-not-
found


./OneDrive/繝・せ繧ｯ繝医ャ繝・閾
ｪ菴懊Ρ繝ｼ繝峨・繝ｬ繧ｹ/src/comp
onents/admin/Sidebar.t
sx:5:1
Module not found: Can'
t resolve 'lucide-reac
t'
[0m [90m 3 |[39m [
36mimport[39m [33mLi
nk[39m [36mfrom[39m
 [32m'next/link'[39m
[33m;[39m
 [90m 4 |[39m [36mi
mport[39m { usePathna
me } [36mfrom[39m [
32m'next/navigation'[
39m[33m;[39m
[31m[1m>[22m[39m[
90m 5 |[39m [36mimpo
rt[39m { [33mLayoutD
ashboard[39m[33m,[3
9m [33mImages[39m[3
3m,[39m [33mSettings
[39m[33m,[39m [33m
LogOut[39m[33m,[39m
 [33mFileText[39m } 
[36mfrom[39m [32m'l
ucide-react'[39m[33m
;[39m
 [90m   |[39m [31m
[1m^[22m[39m[31m[1
m^[22m[39m[31m[1m^
[22m[39m[31m[1m^[
22m[39m[31m[1m^[22
m[39m[31m[1m^[22m
[39m[31m[1m^[22m[3
9m[31m[1m^[22m[39m
[31m[1m^[22m[39m[
31m[1m^[22m[39m[31
m[1m^[22m[39m[31m
[1m^[22m[39m[31m[1
m^[22m[39m[31m[1m^
[22m[39m[31m[1m^[
22m[39m[31m[1m^[22
m[39m[31m[1m^[22m
[39m[31m[1m^[22m[3
9m[31m[1m^[22m[39m
[31m[1m^[22m[39m[
31m[1m^[22m[39m[31
m[1m^[22m[39m[31m
[1m^[22m[39m[31m[1
m^[22m[39m[31m[1m^
[22m[39m[31m[1m^[
22m[39m[31m[1m^[22
m[39m[31m[1m^[22m
[39m[31m[1m^[22m[3
9m[31m[1m^[22m[39m
[31m[1m^[22m[39m[
31m[1m^[22m[39m[31
m[1m^[22m[39m[31m
[1m^[22m[39m[31m[1
m^[22m[39m[31m[1m^
[22m[39m[31m[1m^[
22m[39m[31m[1m^[22
m[39m[31m[1m^[22m
[39m[31m[1m^[22m[3
9m[31m[1m^[22m[39m
[31m[1m^[22m[39m[
31m[1m^[22m[39m[31
m[1m^[22m[39m[31m
[1m^[22m[39m[31m[1
m^[22m[39m[31m[1m^
[22m[39m[31m[1m^[
22m[39m[31m[1m^[22
m[39m[31m[1m^[22m
[39m[31m[1m^[22m[3
9m[31m[1m^[22m[39m
[31m[1m^[22m[39m[
31m[1m^[22m[39m[31
m[1m^[22m[39m[31m
[1m^[22m[39m[31m[1
m^[22m[39m[31m[1m^
[22m[39m[31m[1m^[
22m[39m[31m[1m^[22
m[39m[31m[1m^[22m
[39m[31m[1m^[22m[3
9m[31m[1m^[22m[39m
[31m[1m^[22m[39m[
31m[1m^[22m[39m[31
m[1m^[22m[39m[31m
[1m^[22m[39m[31m[1
m^[22m[39m[31m[1m^
[22m[39m[31m[1m^[
22m[39m[31m[1m^[22
m[39m[31m[1m^[22m
[39m[31m[1m^[22m[3
9m[31m[1m^[22m[39m
[31m[1m^[22m[39m[
31m[1m^[22m[39m[31
m[1m^[22m[39m[31m
[1m^[22m[39m[31m[1
m^[22m[39m[31m[1m^
[22m[39m[31m[1m^[
22m[39m[31m[1m^[22
m[39m[31m[1m^[22m
[39m
 [90m 6 |[39m [36mi
mport[39m clsx [36mf
rom[39m [32m'clsx'[
39m[33m;[39m
 [90m 7 |[39m [36mi
mport[39m { logout } 
[36mfrom[39m [32m'@
/lib/auth'[39m[33m;
[39m
 [90m 8 |[39m[0m



Import trace:
  Server Component:
    ./OneDrive/繝・せ繧ｯ繝医
ャ繝・閾ｪ菴懊Ρ繝ｼ繝峨・繝ｬ繧ｹ/src/
components/admin/Sideb
ar.tsx
    ./OneDrive/繝・せ繧ｯ繝医
ャ繝・閾ｪ菴懊Ρ繝ｼ繝峨・繝ｬ繧ｹ/src/
app/admin/layout.tsx

https://nextjs.org/doc
s/messages/module-not-
found


./OneDrive/繝・せ繧ｯ繝医ャ繝・閾
ｪ菴懊Ρ繝ｼ繝峨・繝ｬ繧ｹ/src/comp
onents/admin/SortableI
tem.tsx:6:1
Module not found: Can'
t resolve 'lucide-reac
t'
[0m [90m 4 |[39m [
36mimport[39m { useSo
rtable } [36mfrom[39
m [32m'@dnd-kit/sorta
ble'[39m[33m;[39m
 [90m 5 |[39m [36mi
mport[39m { [33mCSS
[39m } [36mfrom[39m 
[32m'@dnd-kit/utiliti
es'[39m[33m;[39m
[31m[1m>[22m[39m[
90m 6 |[39m [36mimpo
rt[39m { [33mGripVer
tical[39m[33m,[39m 
[33mTrash2[39m[33m,
[39m [33mX[39m } [
36mfrom[39m [32m'luc
ide-react'[39m[33m;
[39m
 [90m   |[39m [31m
[1m^[22m[39m[31m[1
m^[22m[39m[31m[1m^
[22m[39m[31m[1m^[
22m[39m[31m[1m^[22
m[39m[31m[1m^[22m
[39m[31m[1m^[22m[3
9m[31m[1m^[22m[39m
[31m[1m^[22m[39m[
31m[1m^[22m[39m[31
m[1m^[22m[39m[31m
[1m^[22m[39m[31m[1
m^[22m[39m[31m[1m^
[22m[39m[31m[1m^[
22m[39m[31m[1m^[22
m[39m[31m[1m^[22m
[39m[31m[1m^[22m[3
9m[31m[1m^[22m[39m
[31m[1m^[22m[39m[
31m[1m^[22m[39m[31
m[1m^[22m[39m[31m
[1m^[22m[39m[31m[1
m^[22m[39m[31m[1m^
[22m[39m[31m[1m^[
22m[39m[31m[1m^[22
m[39m[31m[1m^[22m
[39m[31m[1m^[22m[3
9m[31m[1m^[22m[39m
[31m[1m^[22m[39m[
31m[1m^[22m[39m[31
m[1m^[22m[39m[31m
[1m^[22m[39m[31m[1
m^[22m[39m[31m[1m^
[22m[39m[31m[1m^[
22m[39m[31m[1m^[22
m[39m[31m[1m^[22m
[39m[31m[1m^[22m[3
9m[31m[1m^[22m[39m
[31m[1m^[22m[39m[
31m[1m^[22m[39m[31
m[1m^[22m[39m[31m
[1m^[22m[39m[31m[1
m^[22m[39m[31m[1m^
[22m[39m[31m[1m^[
22m[39m[31m[1m^[22
m[39m[31m[1m^[22m
[39m[31m[1m^[22m[3
9m[31m[1m^[22m[39m
[31m[1m^[22m[39m[
31m[1m^[22m[39m[31
m[1m^[22m[39m
 [90m 7 |[39m [36mi
mport[39m [33mImage
[39m [36mfrom[39m [
32m'next/image'[39m[
33m;[39m
 [90m 8 |[39m
 [90m 9 |[39m [36mi
nterface[39m [33mSor
tableItemProps[39m {
[0m



Import traces:
  Client Component Bro
wser:
    ./OneDrive/繝・せ繧ｯ繝医
ャ繝・閾ｪ菴懊Ρ繝ｼ繝峨・繝ｬ繧ｹ/src/
components/admin/Sorta
bleItem.tsx [Client Co
mponent Browser]
    ./OneDrive/繝・せ繧ｯ繝医
ャ繝・閾ｪ菴懊Ρ繝ｼ繝峨・繝ｬ繧ｹ/src/
components/admin/Edito
r.tsx [Client Componen
t Browser]
    ./OneDrive/繝・せ繧ｯ繝医
ャ繝・閾ｪ菴懊Ρ繝ｼ繝峨・繝ｬ繧ｹ/src/
components/admin/Edito
r.tsx [Server Componen
t]
    ./OneDrive/繝・せ繧ｯ繝医
ャ繝・閾ｪ菴懊Ρ繝ｼ繝峨・繝ｬ繧ｹ/src/
app/admin/pages/[id]/p
age.tsx [Server Compon
ent]

  Client Component SSR
:
    ./OneDrive/繝・せ繧ｯ繝医
ャ繝・閾ｪ菴懊Ρ繝ｼ繝峨・繝ｬ繧ｹ/src/
components/admin/Sorta
bleItem.tsx [Client Co
mponent SSR]
    ./OneDrive/繝・せ繧ｯ繝医
ャ繝・閾ｪ菴懊Ρ繝ｼ繝峨・繝ｬ繧ｹ/src/
components/admin/Edito
r.tsx [Client Componen
t SSR]
    ./OneDrive/繝・せ繧ｯ繝医
ャ繝・閾ｪ菴懊Ρ繝ｼ繝峨・繝ｬ繧ｹ/src/
components/admin/Edito
r.tsx [Server Componen
t]
    ./OneDrive/繝・せ繧ｯ繝医
ャ繝・閾ｪ菴懊Ρ繝ｼ繝峨・繝ｬ繧ｹ/src/
app/admin/pages/[id]/p
age.tsx [Server Compon
ent]

https://nextjs.org/doc
s/messages/module-not-
found


    at <unknown> (./On
eDrive/繝・せ繧ｯ繝医ャ繝・閾ｪ菴懊Ρ
繝ｼ繝峨・繝ｬ繧ｹ/src/componen
ts/admin/Editor.tsx:4:
1)
    at <unknown> (http
s://nextjs.org/docs/me
ssages/module-not-foun
d)
    at <unknown> (./On
eDrive/繝・せ繧ｯ繝医ャ繝・閾ｪ菴懊Ρ
繝ｼ繝峨・繝ｬ繧ｹ/src/componen
ts/admin/Editor.tsx:5:
1)
    at <unknown> (http
s://nextjs.org/docs/me
ssages/module-not-foun
d)
    at <unknown> (./On
eDrive/繝・せ繧ｯ繝医ャ繝・閾ｪ菴懊Ρ
繝ｼ繝峨・繝ｬ繧ｹ/src/componen
ts/admin/SortableItem.
tsx:4:1)
    at <unknown> (http
s://nextjs.org/docs/me
ssages/module-not-foun
d)
    at <unknown> (./On
eDrive/繝・せ繧ｯ繝医ャ繝・閾ｪ菴懊Ρ
繝ｼ繝峨・繝ｬ繧ｹ/src/componen
ts/admin/SortableItem.
tsx:5:1)
    at <unknown> (http
s://nextjs.org/docs/me
ssages/module-not-foun
d)
    at <unknown> (./On
eDrive/繝・せ繧ｯ繝医ャ繝・閾ｪ菴懊Ρ
繝ｼ繝峨・繝ｬ繧ｹ/src/componen
ts/admin/Sidebar.tsx:6
:1)
    at <unknown> (http
s://nextjs.org/docs/me
ssages/module-not-foun
d)
    at <unknown> (./On
eDrive/繝・せ繧ｯ繝医ャ繝・閾ｪ菴懊Ρ
繝ｼ繝峨・繝ｬ繧ｹ/src/lib/auth
.ts:1:1)
    at <unknown> (http
s://nextjs.org/docs/me
ssages/module-not-foun
d)
    at <unknown> (./On
eDrive/繝・せ繧ｯ繝医ャ繝・閾ｪ菴懊Ρ
繝ｼ繝峨・繝ｬ繧ｹ/src/app/admi
n/pages/page.tsx:2:1)
    at <unknown> (http
s://nextjs.org/docs/me
ssages/module-not-foun
d)
    at <unknown> (./On
eDrive/繝・せ繧ｯ繝医ャ繝・閾ｪ菴懊Ρ
繝ｼ繝峨・繝ｬ繧ｹ/src/componen
ts/admin/Editor.tsx:7:
1)
    at <unknown> (http
s://nextjs.org/docs/me
ssages/module-not-foun
d)
    at <unknown> (./On
eDrive/繝・せ繧ｯ繝医ャ繝・閾ｪ菴懊Ρ
繝ｼ繝峨・繝ｬ繧ｹ/src/componen
ts/admin/Sidebar.tsx:5
:1)
    at <unknown> (http
s://nextjs.org/docs/me
ssages/module-not-foun
d)
    at <unknown> (./On
eDrive/繝・せ繧ｯ繝医ャ繝・閾ｪ菴懊Ρ
繝ｼ繝峨・繝ｬ繧ｹ/src/componen
ts/admin/SortableItem.
tsx:6:1)
    at <unknown> (http
s://nextjs.org/docs/me
ssages/module-not-foun
d)
